MPASM 5.87                    INTEGRADOR.ASM   11-16-2025  14:09:33         PAGE  1


LOC  OBJECT CODE     LINE SOURCE TEXT
  VALUE

                      00001 ; PIC16F887 Configuration Bit Settings
                      00002 
                      00003 ; Assembly source line config statements
                      00004 
                      00005 #include "p16f887.inc"
                      00001         LIST
                      00002 
                      00003 ;==========================================================================
                      00004 ; Build date : Jan 06 2020
                      00005 ;  MPASM PIC16F887 processor include
                      00006 ; 
                      00007 ;  (c) Copyright 1999-2020 Microchip Technology, All rights reserved
                      00008 ;==========================================================================
                      00009 
                      00810         LIST
                      00006 
                      00007 ; CONFIG1
                      00008 ; __config 0x23E1
2007   23E1           00009  __CONFIG _CONFIG1, _FOSC_XT & _WDTE_OFF & _PWRTE_ON & _MCLRE_ON & _CP_OFF & _CPD_OFF & _BOREN_ON & _IES
                            O_OFF & _FCMEN_OFF & _LVP_OFF
                      00010 ; CONFIG2
                      00011 ; __config 0x3FFF
2008   3FFF           00012  __CONFIG _CONFIG2, _BOR4V_BOR40V & _WRT_OFF
                      00013 
                      00014 
                      00015 
                      00016 ; ---------- Variables para delay ---------------- ;
                      00017 
  00000020            00018 Contador1       EQU 0x20
  00000021            00019 Contador2       EQU 0x21
  00000022            00020 Contador3       EQU 0x22
                      00021 ; ------------------------------------------------ ;
                      00022 
                      00023 ; ---------- Variables PWM ----------------------- ;
  00000024            00024 VALOR_RPM       EQU 0X24
  00000025            00025 RPM_TEMP        EQU 0X25
                      00026 ; ------------------------------------------------ ;
                      00027 
                      00028 ; ----------- Variablws UART --------------------- ;
  00000026            00029 RPM             EQU 0X26
  00000027            00030 FLAG            EQU 0X27
                      00031 
  00000028            00032 ADC_L           EQU 0X28
  00000029            00033 ADC_H           EQU 0X29
                      00034 
  0000002A            00035 START_SYNC_TX   EQU 0X2A
  0000002B            00036 START_SYNC_RX   EQU 0X2B
                      00037 ; ------------------------------------------------ ;
                      00038 
                      00039 ; ------------ Variables ADC --------------------- ;
  00000030            00040 NAFTA           EQU 0X30        ; Tanque de combustible (reserva = 0, lleno = 1)
  00000031            00041 FLAG_ADC        EQU 0X31        
  00000032            00042 START           EQU 0X32        ; Boton de on/off (off = 0, on = 1)
MPASM 5.87                    INTEGRADOR.ASM   11-16-2025  14:09:33         PAGE  2


LOC  OBJECT CODE     LINE SOURCE TEXT
  VALUE

  00000033            00043 AL              EQU 0X33        ; Copia de ADRESL
  00000034            00044 AH              EQU 0X34        ; Copia de ADRESH
  00000035            00045 CONT            EQU 0X35
                      00046 ; ------------------------------------------------ ;
                      00047 
                      00048 
                      00049 ; ------------ Variables generales --------------- ;
  00000070            00050 W_TEMP          EQU 0X70
  00000071            00051 STATUS_TEMP     EQU 0X71
                      00052 ; ------------------------------------------------ ;
                      00053 
                      00054 
                      00055         ORG     0X00
0000   2???           00056         GOTO    INICIO
                      00057         ORG     0X04
0004   2???           00058         GOTO    ISR
                      00059 
                      00060 
0005                  00061 INICIO:
0005   1683 1303      00062         BANKSEL TRISD
Message[302]: Register in operand not in bank 0.  Ensure that bank bits are correct.
0007   0188           00063         CLRF    TRISD
                      00064         
0008   1283 1303      00065         BANKSEL PORTD
000A   0188           00066         CLRF    PORTD
                      00067         
000B   01B2           00068         CLRF    START
000C   1432           00069         BSF     START,0
                      00070 ; ---------------------------------------- Configuración RB --------------------------------------------
                            -------- ;
000D   1683 1703      00071         BANKSEL ANSELH
Message[302]: Register in operand not in bank 0.  Ensure that bank bits are correct.
000F   0189           00072         CLRF    ANSELH
                      00073         
                      00074     ; -------- HABILITO PULL UP ------------- ;
0010   1683 1303      00075         BANKSEL WPUB            ; Banco 1
0012   3000           00076         MOVLW   B'00000000'             
Message[302]: Register in operand not in bank 0.  Ensure that bank bits are correct.
0013   0081           00077         MOVWF   OPTION_REG
                      00078         
                      00079     ; ------ CONFIG PUERTOS PARA INTERRUPCION -------- ;
0014   3003           00080         MOVLW   B'00000011' 
Message[302]: Register in operand not in bank 0.  Ensure that bank bits are correct.
0015   0086           00081         MOVWF   TRISB ; RB1-RB0 como ENTRADA, el resto como SALIDA
0016   3003           00082         MOVLW   B'00000011'
Message[302]: Register in operand not in bank 0.  Ensure that bank bits are correct.
0017   0095           00083         MOVWF   WPUB  ; Habilitamos solo las resistencias de pull up DE RB1-RB0
0018   3002           00084         MOVLW   B'00000010'
Message[302]: Register in operand not in bank 0.  Ensure that bank bits are correct.
0019   0096           00085         MOVWF   IOCB
                      00086 
                      00087     
                      00088 ; --------------------------------- Configuración Interrupciones ---------------------------------------
MPASM 5.87                    INTEGRADOR.ASM   11-16-2025  14:09:33         PAGE  3


LOC  OBJECT CODE     LINE SOURCE TEXT
  VALUE

                            -------- ;
001A   1283 1303      00089     BANKSEL     INTCON
                      00090     
001C   018B           00091     CLRF        INTCON
                      00092     
001D   1283 1303      00093     BANKSEL     PIR1
001F   018C           00094     CLRF        PIR1            ; Deshabilito banderas de PIR1
                      00095     
0020   1283 1303      00096     BANKSEL     INTCON
                      00097     
0022   3090           00098     MOVLW       B'10010000'
0023   008B           00099     MOVWF       INTCON          ; Habilito Interrupciones GIE, PEIE, INTE, RBIE
                      00100     
0024   1683 1303      00101     BANKSEL     PIE1
0026   3062           00102     MOVLW       B'01100010'
Message[302]: Register in operand not in bank 0.  Ensure that bank bits are correct.
0027   008C           00103     MOVWF       PIE1            ; Habilito Interrupción ADIE, RCIE, TMR2IE
                      00104 
0028   2???           00105     GOTO        LOOP
                      00106 
0029                  00107 LOOP:
0029   1283 1303      00108     BANKSEL PORTA
002B   1BA7           00109     BTFSC   FLAG, 7
002C   2???           00110     CALL    ANTIRREBOTE
                      00111 
                      00112         
002D   2???           00113     GOTO LOOP
                      00114 
002E                  00115 ANTIRREBOTE
002E   2???           00116     CALL    DELAY_20ms
002F   13A7           00117     BCF     FLAG, 7
0030   108B           00118     BCF     INTCON, 1
0031   160B           00119     BSF     INTCON, 4
                      00120     
0032   0008           00121     RETURN
                      00122 
                      00123 
                      00124 
0033                  00125 ISR:
0033   00F0           00126     MOVWF       W_TEMP                  ; GUARDO CONTEXTO 
0034   0E03           00127     SWAPF       STATUS,W
0035   00F1           00128     MOVWF       STATUS_TEMP
                      00129     
                      00130     ; -------------------------- ISR -------------------------------- ;
0036   1283 1303      00131     BANKSEL     INTCON
                      00132     
0038   188B           00133     BTFSC       INTCON, 1
0039   2???           00134     GOTO        ISR_INTE
                      00135     
                      00136     ;BTFSC      INTCON, 0
                      00137  ;   GOTO       ISR_RBIE
                      00138     
                      00139     
MPASM 5.87                    INTEGRADOR.ASM   11-16-2025  14:09:33         PAGE  4


LOC  OBJECT CODE     LINE SOURCE TEXT
  VALUE

                      00140     ; --------------------------------------------------------------- ;
                      00141     
003A   2???           00142     GOTO        FIN_ISR
                      00143 
                      00144 
                      00145 
                      00146 
003B                  00147 ISR_INTE:
003B   1283 1303      00148     BANKSEL PORTA
                      00149     
003D   108B           00150     BCF     INTCON, 1    ; Limpiar flag de interrupción externa
003E   120B           00151     BCF     INTCON, 4    ; Deshabilito temporalmente la interrupcion
                      00152     
                      00153     
003F   3001           00154     MOVLW   0x01
0040   06B2           00155     XORWF   START, F      ; Cambia entre 0 y 1
0041   17A7           00156     BSF     FLAG, 7
0042   1C32           00157     BTFSS   START, 0
0043   2???           00158     GOTO    OFF
                      00159     
0044   3004           00160     MOVLW   B'00000100'
0045   0088           00161     MOVWF   PORTD
                      00162     
0046   1027           00163     BCF     FLAG, 0
0047   1698           00164     BSF     RCSTA,5
0048   3000           00165     MOVLW   D'0'
0049   00A4           00166     MOVWF   VALOR_RPM
                      00167     
                      00168     
004A                  00169     GOTO FIN_ISR
                      00170 
004A                  00171 OFF
004A   3001           00172     MOVLW   B'00000001'
004B   0088           00173     MOVWF   PORTD
004C   1427           00174     BSF     FLAG, 0
004D   30FF           00175     MOVLW   D'255'
004E   00A4           00176     MOVWF   VALOR_RPM
                      00177     
004F   1298           00178     BCF     RCSTA,5
0050   2???           00179     GOTO    FIN_ISR
                      00180 
                      00181 
                      00182 
                      00183 
                      00184 ;ISR_RBIE:
                      00185 ;    BCF            INTCON, 0    ; Limpiar flag de interrupción externa
                      00186 ;   MOVLW   0x02
                      00187 ;    XORWF   NAFTA, F      ; Cambia entre 0 y 1
                      00188 ;    MOVF    NAFTA,W
                      00189 ;    MOVWF   PORTD
                      00190 ;    
                      00191 ;    BTFSC   NAFTA,0
                      00192 ;    GOTO    RESERVA
MPASM 5.87                    INTEGRADOR.ASM   11-16-2025  14:09:33         PAGE  5


LOC  OBJECT CODE     LINE SOURCE TEXT
  VALUE

                      00193    
                      00194     
                      00195 ;    GOTO    FIN_ISR    
                      00196     
                      00197 ;RESERVA
                      00198     
                      00199 ;    MOVLW   D'77'
                      00200 ;    MOVWF   VALOR_RPM
                      00201 ;    GOTO    FIN_ISR
                      00202 
                      00203 
                      00204 
0051                  00205 FIN_ISR:
                      00206         
0051   0E71           00207         SWAPF   STATUS_TEMP, W          ; RECUPERO CONTEXTO 
0052   0083           00208         MOVWF   STATUS
0053   0EF0           00209         SWAPF   W_TEMP, F
0054   0E70           00210         SWAPF   W_TEMP, W
                      00211                                  
0055   0009           00212         RETFIE
                      00213 
                      00214 
                      00215 ; ------------------ Delay de 1 segundo --------------------- ;
0056                  00216 Delay1s 
0056   300A           00217     MOVLW   D'10'
0057   00A0           00218     MOVWF   Contador1
0058                  00219 Loop1s
0058   2???           00220     CALL    Delay100ms
0059   0BA0           00221     DECFSZ  Contador1,F
005A   2???           00222     GOTO    Loop1s
005B   0008           00223     RETURN
                      00224 
005C                  00225 Delay100ms
005C   3064           00226     MOVLW   D'100'
005D   00A1           00227     MOVWF   Contador2
005E                  00228 Loop100ms
005E   2???           00229     CALL    Delay1ms
005F   0BA1           00230     DECFSZ  Contador2,F
0060   2???           00231     GOTO    Loop100ms
0061   0008           00232     RETURN
                      00233 
0062                  00234 Delay1ms
0062   30FA           00235     MOVLW   D'250'
0063   00A2           00236     MOVWF   Contador3
0064                  00237 Loop1ms
0064   0000           00238     NOP
0065   0000           00239     NOP
0066   0BA2           00240     DECFSZ  Contador3,F
0067   2???           00241     GOTO    Loop1ms
0068   0008           00242     RETURN
                      00243 
                      00244 
                      00245 ; ------------------ Delay de 20us --------------------- ;    
MPASM 5.87                    INTEGRADOR.ASM   11-16-2025  14:09:33         PAGE  6


LOC  OBJECT CODE     LINE SOURCE TEXT
  VALUE

0069                  00246 DELAY_20US
0069   3013           00247     MOVLW   D'19'
006A   00B5           00248     MOVWF   CONT
006B                  00249 BUCLE
006B   0BB5           00250     DECFSZ  CONT,F
006C   2???           00251     GOTO    BUCLE
006D   0008           00252     RETURN
                      00253 
                      00254 
                      00255 
                      00256 ; ------------------ Delay de 20ms --------------------- ;
006E                  00257 DELAY_20ms
006E   30C8           00258     MOVLW   D'200'        ; Loop externo (200 veces)
006F   00A1           00259     MOVWF   Contador2
                      00260 
0070                  00261 Delay20_Loop2
0070   3032           00262     MOVLW   D'50'         ; Loop interno (50 veces)
0071   00A0           00263     MOVWF   Contador1
                      00264 
0072                  00265 Delay20_Loop1
0072   0000           00266     NOP                   ; 1 ciclo
0073   0000           00267     NOP                   ; 1 ciclo
0074   0BA0           00268     DECFSZ  Contador1, F      ; 1 (o 2)
0075   2???           00269     GOTO    Delay20_Loop1 ; 2 ciclos
                      00270 
0076   0BA1           00271     DECFSZ  Contador2, F
0077   2???           00272     GOTO    Delay20_Loop2
                      00273 
0078   0008           00274     RETURN
                      00275     
                      00276     
23E1 3FFF             00277     END
MPASM 5.87                    INTEGRADOR.ASM   11-16-2025  14:09:33         PAGE  7


SYMBOL TABLE
  LABEL                             VALUE 

ABDEN                             00000000
ABDOVF                            00000007
ACKDT                             00000005
ACKEN                             00000004
ACKSTAT                           00000006
ADCON0                            0000001F
ADCON1                            0000009F
ADCS0                             00000006
ADCS1                             00000007
ADC_H                             00000029
ADC_L                             00000028
ADDEN                             00000003
ADFM                              00000007
ADIE                              00000006
ADIF                              00000006
ADON                              00000000
ADRESH                            0000001E
ADRESL                            0000009E
AH                                00000034
AL                                00000033
ANS0                              00000000
ANS1                              00000001
ANS10                             00000002
ANS11                             00000003
ANS12                             00000004
ANS13                             00000005
ANS2                              00000002
ANS3                              00000003
ANS4                              00000004
ANS5                              00000005
ANS6                              00000006
ANS7                              00000007
ANS8                              00000000
ANS9                              00000001
ANSEL                             00000188
ANSELH                            00000189
ANTIRREBOTE                       0000002E
BAUDCTL                           00000187
BCLIE                             00000003
BCLIF                             00000003
BF                                00000000
BRG0                              00000000
BRG1                              00000001
BRG10                             00000002
BRG11                             00000003
BRG12                             00000004
BRG13                             00000005
BRG14                             00000006
BRG15                             00000007
BRG16                             00000003
BRG2                              00000002
BRG3                              00000003
BRG4                              00000004
MPASM 5.87                    INTEGRADOR.ASM   11-16-2025  14:09:33         PAGE  8


SYMBOL TABLE
  LABEL                             VALUE 

BRG5                              00000005
BRG6                              00000006
BRG7                              00000007
BRG8                              00000000
BRG9                              00000001
BRGH                              00000002
BUCLE                             0000006B
C                                 00000000
C1CH0                             00000000
C1CH1                             00000001
C1IE                              00000005
C1IF                              00000005
C1OE                              00000005
C1ON                              00000007
C1OUT                             00000006
C1POL                             00000004
C1R                               00000002
C1RSEL                            00000005
C1SEN                             00000005
C2CH0                             00000000
C2CH1                             00000001
C2IE                              00000006
C2IF                              00000006
C2OE                              00000005
C2ON                              00000007
C2OUT                             00000006
C2POL                             00000004
C2R                               00000002
C2REN                             00000004
C2RSEL                            00000004
C2SYNC                            00000000
CCP1CON                           00000017
CCP1IE                            00000002
CCP1IF                            00000002
CCP1M0                            00000000
CCP1M1                            00000001
CCP1M2                            00000002
CCP1M3                            00000003
CCP1X                             00000005
CCP1Y                             00000004
CCP2CON                           0000001D
CCP2IE                            00000000
CCP2IF                            00000000
CCP2M0                            00000000
CCP2M1                            00000001
CCP2M2                            00000002
CCP2M3                            00000003
CCP2X                             00000005
CCP2Y                             00000004
CCPR1                             00000015
CCPR1H                            00000016
CCPR1L                            00000015
CCPR2                             0000001B
MPASM 5.87                    INTEGRADOR.ASM   11-16-2025  14:09:33         PAGE  9


SYMBOL TABLE
  LABEL                             VALUE 

CCPR2H                            0000001C
CCPR2L                            0000001B
CHS0                              00000002
CHS1                              00000003
CHS2                              00000004
CHS3                              00000005
CKE                               00000006
CKP                               00000004
CM1CON0                           00000107
CM2CON0                           00000108
CM2CON1                           00000109
CONT                              00000035
CREN                              00000004
CSRC                              00000007
Contador1                         00000020
Contador2                         00000021
Contador3                         00000022
D                                 00000005
DATA_ADDRESS                      00000005
DC                                00000001
DC1B0                             00000004
DC1B1                             00000005
DC2B0                             00000004
DC2B1                             00000005
DELAY_20US                        00000069
DELAY_20ms                        0000006E
D_A                               00000005
D_NOT_A                           00000005
Delay100ms                        0000005C
Delay1ms                          00000062
Delay1s                           00000056
Delay20_Loop1                     00000072
Delay20_Loop2                     00000070
ECCPAS                            0000009C
ECCPAS0                           00000004
ECCPAS1                           00000005
ECCPAS2                           00000006
ECCPASE                           00000007
EEADR                             0000010D
EEADRH                            0000010F
EECON1                            0000018C
EECON2                            0000018D
EEDAT                             0000010C
EEDATA                            0000010C
EEDATH                            0000010E
EEIE                              00000004
EEIF                              00000004
EEPGD                             00000007
F                                 00000001
FERR                              00000002
FIN_ISR                           00000051
FLAG                              00000027
FLAG_ADC                          00000031
MPASM 5.87                    INTEGRADOR.ASM   11-16-2025  14:09:33         PAGE 10


SYMBOL TABLE
  LABEL                             VALUE 

FSR                               00000004
FVREN                             00000000
GCEN                              00000007
GIE                               00000007
GO                                00000001
GO_DONE                           00000001
GO_NOT_DONE                       00000001
HTS                               00000002
I2C_DATA                          00000005
I2C_READ                          00000002
I2C_START                         00000003
I2C_STOP                          00000004
INDF                              00000000
INICIO                            00000005
INTCON                            0000000B
INTE                              00000004
INTEDG                            00000006
INTF                              00000001
IOCB                              00000096
IOCB0                             00000000
IOCB1                             00000001
IOCB2                             00000002
IOCB3                             00000003
IOCB4                             00000004
IOCB5                             00000005
IOCB6                             00000006
IOCB7                             00000007
IRCF0                             00000004
IRCF1                             00000005
IRCF2                             00000006
IRP                               00000007
ISR                               00000033
ISR_INTE                          0000003B
LOOP                              00000029
LTS                               00000001
Loop100ms                         0000005E
Loop1ms                           00000064
Loop1s                            00000058
MC1OUT                            00000007
MC2OUT                            00000006
MSK                               00000093
MSK0                              00000000
MSK1                              00000001
MSK2                              00000002
MSK3                              00000003
MSK4                              00000004
MSK5                              00000005
MSK6                              00000006
MSK7                              00000007
NAFTA                             00000030
NOT_A                             00000005
NOT_ADDRESS                       00000005
NOT_BO                            00000000
MPASM 5.87                    INTEGRADOR.ASM   11-16-2025  14:09:33         PAGE 11


SYMBOL TABLE
  LABEL                             VALUE 

NOT_BOR                           00000000
NOT_DONE                          00000001
NOT_PD                            00000003
NOT_POR                           00000001
NOT_RBPU                          00000007
NOT_RC8                           00000006
NOT_T1SYNC                        00000002
NOT_TO                            00000004
NOT_TX8                           00000006
NOT_W                             00000002
NOT_WRITE                         00000002
OERR                              00000001
OFF                               0000004A
OPTION_REG                        00000081
OSCCON                            0000008F
OSCTUNE                           00000090
OSFIE                             00000007
OSFIF                             00000007
OSTS                              00000003
P                                 00000004
P1M0                              00000006
P1M1                              00000007
PCL                               00000002
PCLATH                            0000000A
PCON                              0000008E
PDC0                              00000000
PDC1                              00000001
PDC2                              00000002
PDC3                              00000003
PDC4                              00000004
PDC5                              00000005
PDC6                              00000006
PEIE                              00000006
PEN                               00000002
PIE1                              0000008C
PIE2                              0000008D
PIR1                              0000000C
PIR2                              0000000D
PORTA                             00000005
PORTB                             00000006
PORTC                             00000007
PORTD                             00000008
PORTE                             00000009
PR2                               00000092
PRSEN                             00000007
PS0                               00000000
PS1                               00000001
PS2                               00000002
PSA                               00000003
PSSAC0                            00000002
PSSAC1                            00000003
PSSBD0                            00000000
PSSBD1                            00000001
MPASM 5.87                    INTEGRADOR.ASM   11-16-2025  14:09:33         PAGE 12


SYMBOL TABLE
  LABEL                             VALUE 

PSTRCON                           0000009D
PULSR                             00000002
PULSS                             00000003
PWM1CON                           0000009B
R                                 00000002
RA0                               00000000
RA1                               00000001
RA2                               00000002
RA3                               00000003
RA4                               00000004
RA5                               00000005
RA6                               00000006
RA7                               00000007
RB0                               00000000
RB1                               00000001
RB2                               00000002
RB3                               00000003
RB4                               00000004
RB5                               00000005
RB6                               00000006
RB7                               00000007
RBIE                              00000003
RBIF                              00000000
RC0                               00000000
RC1                               00000001
RC2                               00000002
RC3                               00000003
RC4                               00000004
RC5                               00000005
RC6                               00000006
RC7                               00000007
RC8_9                             00000006
RC9                               00000006
RCD8                              00000000
RCEN                              00000003
RCIDL                             00000006
RCIE                              00000005
RCIF                              00000005
RCREG                             0000001A
RCSTA                             00000018
RD                                00000000
RD0                               00000000
RD1                               00000001
RD2                               00000002
RD3                               00000003
RD4                               00000004
RD5                               00000005
RD6                               00000006
RD7                               00000007
RE0                               00000000
RE1                               00000001
RE2                               00000002
RE3                               00000003
MPASM 5.87                    INTEGRADOR.ASM   11-16-2025  14:09:33         PAGE 13


SYMBOL TABLE
  LABEL                             VALUE 

READ_WRITE                        00000002
RP0                               00000005
RP1                               00000006
RPM                               00000026
RPM_TEMP                          00000025
RSEN                              00000001
RX9                               00000006
RX9D                              00000000
R_NOT_W                           00000002
R_W                               00000002
S                                 00000003
SBOREN                            00000004
SCKP                              00000004
SCS                               00000000
SEN                               00000000
SENDB                             00000003
SMP                               00000007
SPBRG                             00000099
SPBRGH                            0000009A
SPEN                              00000007
SR0                               00000006
SR1                               00000007
SRCON                             00000185
SREN                              00000005
SSPADD                            00000093
SSPBUF                            00000013
SSPCON                            00000014
SSPCON2                           00000091
SSPEN                             00000005
SSPIE                             00000003
SSPIF                             00000003
SSPM0                             00000000
SSPM1                             00000001
SSPM2                             00000002
SSPM3                             00000003
SSPMSK                            00000093
SSPOV                             00000006
SSPSTAT                           00000094
START                             00000032
START_SYNC_RX                     0000002B
START_SYNC_TX                     0000002A
STATUS                            00000003
STATUS_TEMP                       00000071
STRA                              00000000
STRB                              00000001
STRC                              00000002
STRD                              00000003
STRSYNC                           00000004
SWDTEN                            00000000
SYNC                              00000004
T0CS                              00000005
T0IE                              00000005
T0IF                              00000002
MPASM 5.87                    INTEGRADOR.ASM   11-16-2025  14:09:33         PAGE 14


SYMBOL TABLE
  LABEL                             VALUE 

T0SE                              00000004
T1CKPS0                           00000004
T1CKPS1                           00000005
T1CON                             00000010
T1GINV                            00000007
T1GIV                             00000007
T1GSS                             00000001
T1INSYNC                          00000002
T1OSCEN                           00000003
T1SYNC                            00000002
T2CKPS0                           00000000
T2CKPS1                           00000001
T2CON                             00000012
TMR0                              00000001
TMR0IE                            00000005
TMR0IF                            00000002
TMR1                              0000000E
TMR1CS                            00000001
TMR1GE                            00000006
TMR1H                             0000000F
TMR1IE                            00000000
TMR1IF                            00000000
TMR1L                             0000000E
TMR1ON                            00000000
TMR2                              00000011
TMR2IE                            00000001
TMR2IF                            00000001
TMR2ON                            00000002
TOUTPS0                           00000003
TOUTPS1                           00000004
TOUTPS2                           00000005
TOUTPS3                           00000006
TRISA                             00000085
TRISA0                            00000000
TRISA1                            00000001
TRISA2                            00000002
TRISA3                            00000003
TRISA4                            00000004
TRISA5                            00000005
TRISA6                            00000006
TRISA7                            00000007
TRISB                             00000086
TRISB0                            00000000
TRISB1                            00000001
TRISB2                            00000002
TRISB3                            00000003
TRISB4                            00000004
TRISB5                            00000005
TRISB6                            00000006
TRISB7                            00000007
TRISC                             00000087
TRISC0                            00000000
TRISC1                            00000001
MPASM 5.87                    INTEGRADOR.ASM   11-16-2025  14:09:33         PAGE 15


SYMBOL TABLE
  LABEL                             VALUE 

TRISC2                            00000002
TRISC3                            00000003
TRISC4                            00000004
TRISC5                            00000005
TRISC6                            00000006
TRISC7                            00000007
TRISD                             00000088
TRISD0                            00000000
TRISD1                            00000001
TRISD2                            00000002
TRISD3                            00000003
TRISD4                            00000004
TRISD5                            00000005
TRISD6                            00000006
TRISD7                            00000007
TRISE                             00000089
TRISE0                            00000000
TRISE1                            00000001
TRISE2                            00000002
TRISE3                            00000003
TRMT                              00000001
TUN0                              00000000
TUN1                              00000001
TUN2                              00000002
TUN3                              00000003
TUN4                              00000004
TX8_9                             00000006
TX9                               00000006
TX9D                              00000000
TXD8                              00000000
TXEN                              00000005
TXIE                              00000004
TXIF                              00000004
TXREG                             00000019
TXSTA                             00000098
UA                                00000001
ULPWUE                            00000005
ULPWUIE                           00000002
ULPWUIF                           00000002
VALOR_RPM                         00000024
VCFG0                             00000004
VCFG1                             00000005
VR0                               00000000
VR1                               00000001
VR2                               00000002
VR3                               00000003
VRCON                             00000097
VREN                              00000007
VROE                              00000006
VRR                               00000005
VRSS                              00000004
W                                 00000000
WCOL                              00000007
MPASM 5.87                    INTEGRADOR.ASM   11-16-2025  14:09:33         PAGE 16


SYMBOL TABLE
  LABEL                             VALUE 

WDTCON                            00000105
WDTPS0                            00000001
WDTPS1                            00000002
WDTPS2                            00000003
WDTPS3                            00000004
WPUB                              00000095
WPUB0                             00000000
WPUB1                             00000001
WPUB2                             00000002
WPUB3                             00000003
WPUB4                             00000004
WPUB5                             00000005
WPUB6                             00000006
WPUB7                             00000007
WR                                00000001
WREN                              00000002
WRERR                             00000003
WUE                               00000001
W_TEMP                            00000070
Z                                 00000002
_BOR21V                           00003EFF
_BOR40V                           00003FFF
_BOR4V_BOR21V                     00003EFF
_BOR4V_BOR40V                     00003FFF
_BOREN_NSLEEP                     00003EFF
_BOREN_OFF                        00003CFF
_BOREN_ON                         00003FFF
_BOREN_SBODEN                     00003DFF
_BOR_NSLEEP                       00003EFF
_BOR_OFF                          00003CFF
_BOR_ON                           00003FFF
_BOR_SBODEN                       00003DFF
_CONFIG1                          00002007
_CONFIG2                          00002008
_CPD_OFF                          00003FFF
_CPD_ON                           00003F7F
_CP_OFF                           00003FFF
_CP_ON                            00003FBF
_DEBUG_OFF                        00003FFF
_DEBUG_ON                         00001FFF
_DEVID1                           00002006
_EC_OSC                           00003FFB
_EXTRC                            00003FFF
_EXTRCIO                          00003FFE
_EXTRC_OSC_CLKOUT                 00003FFF
_EXTRC_OSC_NOCLKOUT               00003FFE
_FCMEN_OFF                        000037FF
_FCMEN_ON                         00003FFF
_FOSC_EC                          00003FFB
_FOSC_EXTRC_CLKOUT                00003FFF
_FOSC_EXTRC_NOCLKOUT              00003FFE
_FOSC_HS                          00003FFA
_FOSC_INTRC_CLKOUT                00003FFD
MPASM 5.87                    INTEGRADOR.ASM   11-16-2025  14:09:33         PAGE 17


SYMBOL TABLE
  LABEL                             VALUE 

_FOSC_INTRC_NOCLKOUT              00003FFC
_FOSC_LP                          00003FF8
_FOSC_XT                          00003FF9
_HS_OSC                           00003FFA
_IDLOC0                           00002000
_IDLOC1                           00002001
_IDLOC2                           00002002
_IDLOC3                           00002003
_IESO_OFF                         00003BFF
_IESO_ON                          00003FFF
_INTOSC                           00003FFD
_INTOSCIO                         00003FFC
_INTRC_OSC_CLKOUT                 00003FFD
_INTRC_OSC_NOCLKOUT               00003FFC
_LP_OSC                           00003FF8
_LVP_OFF                          00002FFF
_LVP_ON                           00003FFF
_MCLRE_OFF                        00003FDF
_MCLRE_ON                         00003FFF
_PWRTE_OFF                        00003FFF
_PWRTE_ON                         00003FEF
_WDTE_OFF                         00003FF7
_WDTE_ON                          00003FFF
_WDT_OFF                          00003FF7
_WDT_ON                           00003FFF
_WRT_1FOURTH                      00003BFF
_WRT_256                          00003DFF
_WRT_HALF                         000039FF
_WRT_OFF                          00003FFF
_XT_OSC                           00003FF9
__16F887                          00000001
__DEBUG                           
__MPLAB_DEBUGGER_SIMULATOR        1
    GOTO FIN_ISR                  0000004A

Errors   :     0
Warnings :     0 reported,     0 suppressed
Messages :     7 reported,     0 suppressed

