MPLINK 5.09, LINKER
Linker Map File - Created Thu Nov 06 18:38:01 2025

                                 Section Info
                  Section       Type    Address   Location Size(Bytes)
                ---------  ---------  ---------  ---------  ---------
                   .org_0       code   0x000000    program   0x000002
                   .cinit    romdata   0x000001    program   0x000004
                   .org_1       code   0x000004    program   0x000098
.config_2007_BUILD/DEFAULT/PRODUCTION/INTEGRA       code   0x002007    program   0x000002
.config_2008_BUILD/DEFAULT/PRODUCTION/INTEGRA       code   0x002008    program   0x000002



                              Program Memory Usage 
                               Start         End      
                           ---------   ---------      
                            0x000000    0x000002      
                            0x000004    0x00004f      
                            0x002007    0x002008      
            81 out of 8455 program addresses used, program memory utilization is 0%



                              Symbols - Sorted by Name
                     Name    Address   Location    Storage File                     
                ---------  ---------  ---------  --------- ---------                
                    BUCLE   0x000040    program     static C:\Users\marce\OneDrive\Documentos\Trabajo Integrador\Integrador.X\Integrador.asm
                    CARGA   0x000044    program     static C:\Users\marce\OneDrive\Documentos\Trabajo Integrador\Integrador.X\Integrador.asm
                   CARGA2   0x00004a    program     static C:\Users\marce\OneDrive\Documentos\Trabajo Integrador\Integrador.X\Integrador.asm
                    DELAY   0x00003e    program     static C:\Users\marce\OneDrive\Documentos\Trabajo Integrador\Integrador.X\Integrador.asm
                  FIN_ISR   0x000039    program     static C:\Users\marce\OneDrive\Documentos\Trabajo Integrador\Integrador.X\Integrador.asm
                   INICIO   0x000005    program     static C:\Users\marce\OneDrive\Documentos\Trabajo Integrador\Integrador.X\Integrador.asm
                      ISR   0x00002d    program     static C:\Users\marce\OneDrive\Documentos\Trabajo Integrador\Integrador.X\Integrador.asm
                   ISR_RX   0x000033    program     static C:\Users\marce\OneDrive\Documentos\Trabajo Integrador\Integrador.X\Integrador.asm
                     LOOP   0x000023    program     static C:\Users\marce\OneDrive\Documentos\Trabajo Integrador\Integrador.X\Integrador.asm
                    LOOP2   0x000046    program     static C:\Users\marce\OneDrive\Documentos\Trabajo Integrador\Integrador.X\Integrador.asm
                    LOOP3   0x00004c    program     static C:\Users\marce\OneDrive\Documentos\Trabajo Integrador\Integrador.X\Integrador.asm



                              Symbols - Sorted by Address
                     Name    Address   Location    Storage File                     
                ---------  ---------  ---------  --------- ---------                
                   INICIO   0x000005    program     static C:\Users\marce\OneDrive\Documentos\Trabajo Integrador\Integrador.X\Integrador.asm
                     LOOP   0x000023    program     static C:\Users\marce\OneDrive\Documentos\Trabajo Integrador\Integrador.X\Integrador.asm
                      ISR   0x00002d    program     static C:\Users\marce\OneDrive\Documentos\Trabajo Integrador\Integrador.X\Integrador.asm
                   ISR_RX   0x000033    program     static C:\Users\marce\OneDrive\Documentos\Trabajo Integrador\Integrador.X\Integrador.asm
                  FIN_ISR   0x000039    program     static C:\Users\marce\OneDrive\Documentos\Trabajo Integrador\Integrador.X\Integrador.asm
                    DELAY   0x00003e    program     static C:\Users\marce\OneDrive\Documentos\Trabajo Integrador\Integrador.X\Integrador.asm
                    BUCLE   0x000040    program     static C:\Users\marce\OneDrive\Documentos\Trabajo Integrador\Integrador.X\Integrador.asm
                    CARGA   0x000044    program     static C:\Users\marce\OneDrive\Documentos\Trabajo Integrador\Integrador.X\Integrador.asm
                    LOOP2   0x000046    program     static C:\Users\marce\OneDrive\Documentos\Trabajo Integrador\Integrador.X\Integrador.asm
                   CARGA2   0x00004a    program     static C:\Users\marce\OneDrive\Documentos\Trabajo Integrador\Integrador.X\Integrador.asm
                    LOOP3   0x00004c    program     static C:\Users\marce\OneDrive\Documentos\Trabajo Integrador\Integrador.X\Integrador.asm


