MPLINK 5.09, LINKER
Linker Map File - Created Mon Nov 17 18:55:45 2025

                                 Section Info
                  Section       Type    Address   Location Size(Bytes)
                ---------  ---------  ---------  ---------  ---------
                   .org_0       code   0x000000    program   0x000002
                   .cinit    romdata   0x000001    program   0x000004
                   .org_1       code   0x000004    program   0x000240
.config_2007_BUILD/DEFAULT/PRODUCTION/INTEGRA       code   0x002007    program   0x000002
.config_2008_BUILD/DEFAULT/PRODUCTION/INTEGRA       code   0x002008    program   0x000002



                              Program Memory Usage 
                               Start         End      
                           ---------   ---------      
                            0x000000    0x000002      
                            0x000004    0x000123      
                            0x002007    0x002008      
            293 out of 8455 program addresses used, program memory utilization is 3%



                              Symbols - Sorted by Name
                     Name    Address   Location    Storage File                     
                ---------  ---------  ---------  --------- ---------                
         ANTIRREBOTE_INTE   0x000070    program     static C:\Users\marce\OneDrive\Documentos\Trabajo Integrador\Integrador.X\Integrador.asm
         ANTIRREBOTE_RBIE   0x000075    program     static C:\Users\marce\OneDrive\Documentos\Trabajo Integrador\Integrador.X\Integrador.asm
                    BUCLE   0x000116    program     static C:\Users\marce\OneDrive\Documentos\Trabajo Integrador\Integrador.X\Integrador.asm
               BUFF_READY   0x000081    program     static C:\Users\marce\OneDrive\Documentos\Trabajo Integrador\Integrador.X\Integrador.asm
               DELAY_20US   0x000114    program     static C:\Users\marce\OneDrive\Documentos\Trabajo Integrador\Integrador.X\Integrador.asm
               DELAY_20ms   0x000119    program     static C:\Users\marce\OneDrive\Documentos\Trabajo Integrador\Integrador.X\Integrador.asm
                  DIVIDIR   0x0000e8    program     static C:\Users\marce\OneDrive\Documentos\Trabajo Integrador\Integrador.X\Integrador.asm
               Delay100ms   0x000107    program     static C:\Users\marce\OneDrive\Documentos\Trabajo Integrador\Integrador.X\Integrador.asm
                 Delay1ms   0x00010d    program     static C:\Users\marce\OneDrive\Documentos\Trabajo Integrador\Integrador.X\Integrador.asm
                  Delay1s   0x000101    program     static C:\Users\marce\OneDrive\Documentos\Trabajo Integrador\Integrador.X\Integrador.asm
            Delay20_Loop1   0x00011d    program     static C:\Users\marce\OneDrive\Documentos\Trabajo Integrador\Integrador.X\Integrador.asm
            Delay20_Loop2   0x00011b    program     static C:\Users\marce\OneDrive\Documentos\Trabajo Integrador\Integrador.X\Integrador.asm
                  FIN_ISR   0x0000fc    program     static C:\Users\marce\OneDrive\Documentos\Trabajo Integrador\Integrador.X\Integrador.asm
                   INICIO   0x000005    program     static C:\Users\marce\OneDrive\Documentos\Trabajo Integrador\Integrador.X\Integrador.asm
                      ISR   0x000084    program     static C:\Users\marce\OneDrive\Documentos\Trabajo Integrador\Integrador.X\Integrador.asm
                 ISR_INTE   0x000090    program     static C:\Users\marce\OneDrive\Documentos\Trabajo Integrador\Integrador.X\Integrador.asm
                 ISR_RBIE   0x0000ad    program     static C:\Users\marce\OneDrive\Documentos\Trabajo Integrador\Integrador.X\Integrador.asm
                   ISR_RX   0x0000cb    program     static C:\Users\marce\OneDrive\Documentos\Trabajo Integrador\Integrador.X\Integrador.asm
                 ISR_TMR2   0x0000d6    program     static C:\Users\marce\OneDrive\Documentos\Trabajo Integrador\Integrador.X\Integrador.asm
                     LOOP   0x000069    program     static C:\Users\marce\OneDrive\Documentos\Trabajo Integrador\Integrador.X\Integrador.asm
                Loop100ms   0x000109    program     static C:\Users\marce\OneDrive\Documentos\Trabajo Integrador\Integrador.X\Integrador.asm
                  Loop1ms   0x00010f    program     static C:\Users\marce\OneDrive\Documentos\Trabajo Integrador\Integrador.X\Integrador.asm
                   Loop1s   0x000103    program     static C:\Users\marce\OneDrive\Documentos\Trabajo Integrador\Integrador.X\Integrador.asm
                      OFF   0x0000a6    program     static C:\Users\marce\OneDrive\Documentos\Trabajo Integrador\Integrador.X\Integrador.asm
                  RESERVA   0x0000c3    program     static C:\Users\marce\OneDrive\Documentos\Trabajo Integrador\Integrador.X\Integrador.asm



                              Symbols - Sorted by Address
                     Name    Address   Location    Storage File                     
                ---------  ---------  ---------  --------- ---------                
                   INICIO   0x000005    program     static C:\Users\marce\OneDrive\Documentos\Trabajo Integrador\Integrador.X\Integrador.asm
                     LOOP   0x000069    program     static C:\Users\marce\OneDrive\Documentos\Trabajo Integrador\Integrador.X\Integrador.asm
         ANTIRREBOTE_INTE   0x000070    program     static C:\Users\marce\OneDrive\Documentos\Trabajo Integrador\Integrador.X\Integrador.asm
         ANTIRREBOTE_RBIE   0x000075    program     static C:\Users\marce\OneDrive\Documentos\Trabajo Integrador\Integrador.X\Integrador.asm
               BUFF_READY   0x000081    program     static C:\Users\marce\OneDrive\Documentos\Trabajo Integrador\Integrador.X\Integrador.asm
                      ISR   0x000084    program     static C:\Users\marce\OneDrive\Documentos\Trabajo Integrador\Integrador.X\Integrador.asm
                 ISR_INTE   0x000090    program     static C:\Users\marce\OneDrive\Documentos\Trabajo Integrador\Integrador.X\Integrador.asm
                      OFF   0x0000a6    program     static C:\Users\marce\OneDrive\Documentos\Trabajo Integrador\Integrador.X\Integrador.asm
                 ISR_RBIE   0x0000ad    program     static C:\Users\marce\OneDrive\Documentos\Trabajo Integrador\Integrador.X\Integrador.asm
                  RESERVA   0x0000c3    program     static C:\Users\marce\OneDrive\Documentos\Trabajo Integrador\Integrador.X\Integrador.asm
                   ISR_RX   0x0000cb    program     static C:\Users\marce\OneDrive\Documentos\Trabajo Integrador\Integrador.X\Integrador.asm
                 ISR_TMR2   0x0000d6    program     static C:\Users\marce\OneDrive\Documentos\Trabajo Integrador\Integrador.X\Integrador.asm
                  DIVIDIR   0x0000e8    program     static C:\Users\marce\OneDrive\Documentos\Trabajo Integrador\Integrador.X\Integrador.asm
                  FIN_ISR   0x0000fc    program     static C:\Users\marce\OneDrive\Documentos\Trabajo Integrador\Integrador.X\Integrador.asm
                  Delay1s   0x000101    program     static C:\Users\marce\OneDrive\Documentos\Trabajo Integrador\Integrador.X\Integrador.asm
                   Loop1s   0x000103    program     static C:\Users\marce\OneDrive\Documentos\Trabajo Integrador\Integrador.X\Integrador.asm
               Delay100ms   0x000107    program     static C:\Users\marce\OneDrive\Documentos\Trabajo Integrador\Integrador.X\Integrador.asm
                Loop100ms   0x000109    program     static C:\Users\marce\OneDrive\Documentos\Trabajo Integrador\Integrador.X\Integrador.asm
                 Delay1ms   0x00010d    program     static C:\Users\marce\OneDrive\Documentos\Trabajo Integrador\Integrador.X\Integrador.asm
                  Loop1ms   0x00010f    program     static C:\Users\marce\OneDrive\Documentos\Trabajo Integrador\Integrador.X\Integrador.asm
               DELAY_20US   0x000114    program     static C:\Users\marce\OneDrive\Documentos\Trabajo Integrador\Integrador.X\Integrador.asm
                    BUCLE   0x000116    program     static C:\Users\marce\OneDrive\Documentos\Trabajo Integrador\Integrador.X\Integrador.asm
               DELAY_20ms   0x000119    program     static C:\Users\marce\OneDrive\Documentos\Trabajo Integrador\Integrador.X\Integrador.asm
            Delay20_Loop2   0x00011b    program     static C:\Users\marce\OneDrive\Documentos\Trabajo Integrador\Integrador.X\Integrador.asm
            Delay20_Loop1   0x00011d    program     static C:\Users\marce\OneDrive\Documentos\Trabajo Integrador\Integrador.X\Integrador.asm


