MPLINK 5.09, LINKER
Linker Map File - Created Sun Nov 16 14:09:34 2025

                                 Section Info
                  Section       Type    Address   Location Size(Bytes)
                ---------  ---------  ---------  ---------  ---------
                   .org_0       code   0x000000    program   0x000002
                   .cinit    romdata   0x000001    program   0x000004
                   .org_1       code   0x000004    program   0x0000ea
.config_2007_BUILD/DEFAULT/DEBUG/INTEGRADOR.O       code   0x002007    program   0x000002
.config_2008_BUILD/DEFAULT/DEBUG/INTEGRADOR.O       code   0x002008    program   0x000002



                              Program Memory Usage 
                               Start         End      
                           ---------   ---------      
                            0x000000    0x000002      
                            0x000004    0x000078      
                            0x002007    0x002008      
            122 out of 8455 program addresses used, program memory utilization is 1%



                              Symbols - Sorted by Name
                     Name    Address   Location    Storage File                     
                ---------  ---------  ---------  --------- ---------                
              ANTIRREBOTE   0x00002e    program     static C:\Users\marce\OneDrive\Documentos\Trabajo Integrador\Integrador.X\Integrador.asm
                    BUCLE   0x00006b    program     static C:\Users\marce\OneDrive\Documentos\Trabajo Integrador\Integrador.X\Integrador.asm
               DELAY_20US   0x000069    program     static C:\Users\marce\OneDrive\Documentos\Trabajo Integrador\Integrador.X\Integrador.asm
               DELAY_20ms   0x00006e    program     static C:\Users\marce\OneDrive\Documentos\Trabajo Integrador\Integrador.X\Integrador.asm
               Delay100ms   0x00005c    program     static C:\Users\marce\OneDrive\Documentos\Trabajo Integrador\Integrador.X\Integrador.asm
                 Delay1ms   0x000062    program     static C:\Users\marce\OneDrive\Documentos\Trabajo Integrador\Integrador.X\Integrador.asm
                  Delay1s   0x000056    program     static C:\Users\marce\OneDrive\Documentos\Trabajo Integrador\Integrador.X\Integrador.asm
            Delay20_Loop1   0x000072    program     static C:\Users\marce\OneDrive\Documentos\Trabajo Integrador\Integrador.X\Integrador.asm
            Delay20_Loop2   0x000070    program     static C:\Users\marce\OneDrive\Documentos\Trabajo Integrador\Integrador.X\Integrador.asm
                  FIN_ISR   0x000051    program     static C:\Users\marce\OneDrive\Documentos\Trabajo Integrador\Integrador.X\Integrador.asm
                   INICIO   0x000005    program     static C:\Users\marce\OneDrive\Documentos\Trabajo Integrador\Integrador.X\Integrador.asm
                      ISR   0x000033    program     static C:\Users\marce\OneDrive\Documentos\Trabajo Integrador\Integrador.X\Integrador.asm
                 ISR_INTE   0x00003b    program     static C:\Users\marce\OneDrive\Documentos\Trabajo Integrador\Integrador.X\Integrador.asm
                     LOOP   0x000029    program     static C:\Users\marce\OneDrive\Documentos\Trabajo Integrador\Integrador.X\Integrador.asm
                Loop100ms   0x00005e    program     static C:\Users\marce\OneDrive\Documentos\Trabajo Integrador\Integrador.X\Integrador.asm
                  Loop1ms   0x000064    program     static C:\Users\marce\OneDrive\Documentos\Trabajo Integrador\Integrador.X\Integrador.asm
                   Loop1s   0x000058    program     static C:\Users\marce\OneDrive\Documentos\Trabajo Integrador\Integrador.X\Integrador.asm
                      OFF   0x00004a    program     static C:\Users\marce\OneDrive\Documentos\Trabajo Integrador\Integrador.X\Integrador.asm
             GOTO FIN_ISR   0x00004a    program     static C:\Users\marce\OneDrive\Documentos\Trabajo Integrador\Integrador.X\Integrador.asm



                              Symbols - Sorted by Address
                     Name    Address   Location    Storage File                     
                ---------  ---------  ---------  --------- ---------                
                   INICIO   0x000005    program     static C:\Users\marce\OneDrive\Documentos\Trabajo Integrador\Integrador.X\Integrador.asm
                     LOOP   0x000029    program     static C:\Users\marce\OneDrive\Documentos\Trabajo Integrador\Integrador.X\Integrador.asm
              ANTIRREBOTE   0x00002e    program     static C:\Users\marce\OneDrive\Documentos\Trabajo Integrador\Integrador.X\Integrador.asm
                      ISR   0x000033    program     static C:\Users\marce\OneDrive\Documentos\Trabajo Integrador\Integrador.X\Integrador.asm
                 ISR_INTE   0x00003b    program     static C:\Users\marce\OneDrive\Documentos\Trabajo Integrador\Integrador.X\Integrador.asm
             GOTO FIN_ISR   0x00004a    program     static C:\Users\marce\OneDrive\Documentos\Trabajo Integrador\Integrador.X\Integrador.asm
                      OFF   0x00004a    program     static C:\Users\marce\OneDrive\Documentos\Trabajo Integrador\Integrador.X\Integrador.asm
                  FIN_ISR   0x000051    program     static C:\Users\marce\OneDrive\Documentos\Trabajo Integrador\Integrador.X\Integrador.asm
                  Delay1s   0x000056    program     static C:\Users\marce\OneDrive\Documentos\Trabajo Integrador\Integrador.X\Integrador.asm
                   Loop1s   0x000058    program     static C:\Users\marce\OneDrive\Documentos\Trabajo Integrador\Integrador.X\Integrador.asm
               Delay100ms   0x00005c    program     static C:\Users\marce\OneDrive\Documentos\Trabajo Integrador\Integrador.X\Integrador.asm
                Loop100ms   0x00005e    program     static C:\Users\marce\OneDrive\Documentos\Trabajo Integrador\Integrador.X\Integrador.asm
                 Delay1ms   0x000062    program     static C:\Users\marce\OneDrive\Documentos\Trabajo Integrador\Integrador.X\Integrador.asm
                  Loop1ms   0x000064    program     static C:\Users\marce\OneDrive\Documentos\Trabajo Integrador\Integrador.X\Integrador.asm
               DELAY_20US   0x000069    program     static C:\Users\marce\OneDrive\Documentos\Trabajo Integrador\Integrador.X\Integrador.asm
                    BUCLE   0x00006b    program     static C:\Users\marce\OneDrive\Documentos\Trabajo Integrador\Integrador.X\Integrador.asm
               DELAY_20ms   0x00006e    program     static C:\Users\marce\OneDrive\Documentos\Trabajo Integrador\Integrador.X\Integrador.asm
            Delay20_Loop2   0x000070    program     static C:\Users\marce\OneDrive\Documentos\Trabajo Integrador\Integrador.X\Integrador.asm
            Delay20_Loop1   0x000072    program     static C:\Users\marce\OneDrive\Documentos\Trabajo Integrador\Integrador.X\Integrador.asm


