MPASM 5.87                    INTEGRADOR.ASM   11-6-2025  19:17:18         PAGE  1


LOC  OBJECT CODE     LINE SOURCE TEXT
  VALUE

                      00001 ; PIC16F887 Configuration Bit Settings
                      00002 
                      00003 ; Assembly source line config statements
                      00004 
                      00005 #include "p16f887.inc"
                      00001         LIST
                      00002 
                      00003 ;==========================================================================
                      00004 ; Build date : Jan 06 2020
                      00005 ;  MPASM PIC16F887 processor include
                      00006 ; 
                      00007 ;  (c) Copyright 1999-2020 Microchip Technology, All rights reserved
                      00008 ;==========================================================================
                      00009 
                      00810         LIST
                      00006 
                      00007 ; CONFIG1
                      00008 ; __config 0x23E1
2007   23E1           00009  __CONFIG _CONFIG1, _FOSC_XT & _WDTE_OFF & _PWRTE_ON & _MCLRE_ON & _CP_OFF & _CPD_OFF & _BOREN_ON & _IES
                            O_OFF & _FCMEN_OFF & _LVP_OFF
                      00010 ; CONFIG2
                      00011 ; __config 0x3FFF
2008   3FFF           00012  __CONFIG _CONFIG2, _BOR4V_BOR40V & _WRT_OFF
                      00013 
                      00014 
  00000020            00015 RPM         EQU 0X20
  00000021            00016 FLAG        EQU 0X21
                      00017 
  00000022            00018 ADC_L       EQU 0X22
  00000023            00019 ADC_H       EQU 0X23
                      00020 
                      00021 ; ---------- Variables para delay ---------------- ;
                      00022 
  00000005            00023 contValor   EQU D'5'
  00000026            00024 contador    EQU 0x26
  000000FA            00025 contValor2  EQU D'250'
  00000027            00026 contador2   EQU 0x27
  000000FA            00027 contValor3  EQU D'250'
  00000028            00028 contador3   EQU 0x28
                      00029 ; ------------------------------------------------ ;
                      00030 
  00000070            00031 W_TEMP      EQU 0X70
  00000071            00032 STATUS_TEMP EQU 0X71
                      00033 
                      00034 
                      00035     ORG     0X00
0000   2???           00036     GOTO    INICIO
                      00037 
                      00038     ORG     0X04
0004   2???           00039     GOTO    ISR
                      00040  
                      00041 
                      00042 
MPASM 5.87                    INTEGRADOR.ASM   11-6-2025  19:17:18         PAGE  2


LOC  OBJECT CODE     LINE SOURCE TEXT
  VALUE

0005                  00043 INICIO:
                      00044     ; Configuración UART
0005   1683 1303      00045     BANKSEL     TXSTA
                      00046 
0007   3024           00047     MOVLW       B'00100100'
Message[302]: Register in operand not in bank 0.  Ensure that bank bits are correct.
0008   0098           00048     MOVWF       TXSTA           ;Configuro la Transmisión
                      00049     
0009   3067           00050     MOVLW       D'103'
Message[302]: Register in operand not in bank 0.  Ensure that bank bits are correct.
000A   0099           00051     MOVWF       SPBRG           ; Cargo SPBRG para Baud Rate
Message[302]: Register in operand not in bank 0.  Ensure that bank bits are correct.
000B   019A           00052     CLRF        SPBRGH          ; Limpo SPBRGH
                      00053     
Message[302]: Register in operand not in bank 0.  Ensure that bank bits are correct.
000C   0188           00054     CLRF        TRISD
                      00055     
000D   1283 1303      00056     BANKSEL     RCSTA
                      00057 
000F   3090           00058     MOVLW       B'10010000'
0010   0098           00059     MOVWF       RCSTA           ;Configuro la Recepción
                      00060     
0011   0188           00061     CLRF        PORTD
                      00062 
0012   01A0           00063     CLRF        RPM
                      00064     
0013   3041           00065     MOVLW       D'65'
0014   00A3           00066     MOVWF       ADC_H
0015   3030           00067     MOVLW       D'48'
0016   00A2           00068     MOVWF       ADC_L
                      00069     
                      00070     
0017   1683 1703      00071     BANKSEL     BAUDCTL
                      00072 
0019   3048           00073     MOVLW       B'01001000'
Message[302]: Register in operand not in bank 0.  Ensure that bank bits are correct.
001A   0087           00074     MOVWF       BAUDCTL         ;Configuro Baud Rate
                      00075 
001B   1283 1303      00076     BANKSEL     INTCON
                      00077 
001D   30C0           00078     MOVLW       B'11000000'
001E   008B           00079     MOVWF       INTCON          ; Habilito Interrupción PEIE
                      00080     
                      00081     
001F   1283 1303      00082     BANKSEL     PIR1
0021   018C           00083     CLRF        PIR1            ; Deshabilito banderas de PIR1
                      00084     
0022   1683 1303      00085     BANKSEL     PIE1
0024   3020           00086     MOVLW       B'00100000'
Message[302]: Register in operand not in bank 0.  Ensure that bank bits are correct.
0025   008C           00087     MOVWF       PIE1            ; Habilito Interrupción RCIE del PIE1
                      00088     
                      00089 
MPASM 5.87                    INTEGRADOR.ASM   11-6-2025  19:17:18         PAGE  3


LOC  OBJECT CODE     LINE SOURCE TEXT
  VALUE

                      00090 
0026                  00091 LOOP:
0026   1283 1303      00092     BANKSEL PIR1
0028   1E0C           00093     BTFSS   PIR1, TXIF
0029   2???           00094     GOTO    LOOP
                      00095     
002A   1283 1303      00096     BANKSEL TXREG
                      00097     
002C   0822           00098     MOVF    ADC_L, W
002D   0099           00099     MOVWF   TXREG
002E   0823           00100     MOVF    ADC_H, W
002F   0099           00101     MOVWF   TXREG
                      00102     
0030   2???           00103     CALL    DELAY
                      00104     
0031   1CA1           00105     BTFSS   FLAG, 1
0032   2???           00106     GOTO    LOOP
                      00107     
                      00108     
0033   1008           00109     BCF     PORTD, 0
                      00110     
0034   0AA2           00111     INCF    ADC_L, F
0035   0AA3           00112     INCF    ADC_H, F
0036   0822           00113     MOVF    ADC_L, W
0037   0099           00114     MOVWF   TXREG
0038   0823           00115     MOVF    ADC_H, W
0039   0099           00116     MOVWF   TXREG
                      00117     
003A   10A1           00118     BCF     FLAG, 1
003B   2???           00119     CALL    DELAY
                      00120     
003C   2???           00121     GOTO    LOOP
                      00122 
                      00123 
                      00124 
                      00125 
003D                  00126 ISR:
                      00127     ; Guardo Contexto
003D   00F0           00128     MOVWF   W_TEMP                      
003E   0E03           00129     SWAPF   STATUS,W
003F   00F1           00130     MOVWF   STATUS_TEMP
                      00131 
                      00132     ; ------------- ISR --------------- ;
                      00133     
0040   1A8C           00134     BTFSC   PIR1, RCIF      ; RCREG lleno? -> RXIF = 1
0041   2???           00135     GOTO    ISR_RX
                      00136     
0042   2???           00137     GOTO    FIN_ISR
                      00138 
                      00139 
                      00140 
0043                  00141 ISR_RX:
0043   1283 1303      00142     BANKSEL RCREG
MPASM 5.87                    INTEGRADOR.ASM   11-6-2025  19:17:18         PAGE  4


LOC  OBJECT CODE     LINE SOURCE TEXT
  VALUE

0045   081A           00143     MOVF    RCREG, W
0046   00A0           00144     MOVWF   RPM
0047   14A1           00145     BSF     FLAG, 1
                      00146     
0048   1408           00147     BSF     PORTD, 0
                      00148     
0049   2???           00149     GOTO    FIN_ISR
                      00150     
                      00151     
004A                  00152 FIN_ISR:
004A   0E71           00153     SWAPF   STATUS_TEMP, W              ; RECUPERO CONTEXTO 
004B   0083           00154     MOVWF   STATUS
004C   0EF0           00155     SWAPF   W_TEMP, F
004D   0E70           00156     SWAPF   W_TEMP, W
                      00157 
004E   0009           00158     RETFIE
                      00159     
                      00160 
004F                  00161 DELAY
004F   3005           00162     MOVLW contValor
0050   00A6           00163     MOVWF contador
                      00164    
0051                  00165 BUCLE
0051   0000           00166     NOP
0052   0BA6           00167     DECFSZ contador, f
0053   2???           00168     GOTO CARGA
0054   0008           00169     return
0055                  00170 CARGA
0055   30FA           00171     MOVLW contValor2
0056   00A7           00172     MOVWF contador2  
0057                  00173 LOOP2
0057   0000           00174     NOP
0058   0BA7           00175     DECFSZ contador2, f
0059   2???           00176     GOTO CARGA2
005A   2???           00177     GOTO BUCLE
                      00178     
005B                  00179 CARGA2
005B   30FA           00180     MOVLW contValor3
005C   00A8           00181     MOVWF contador3
                      00182     
005D                  00183 LOOP3
005D   0000           00184     NOP
005E   0BA8           00185     DECFSZ contador3, f
005F   2???           00186     GOTO LOOP3
0060   2???           00187     GOTO LOOP2
                      00188 
                      00189 
23E1 3FFF             00190     END
MPASM 5.87                    INTEGRADOR.ASM   11-6-2025  19:17:18         PAGE  5


SYMBOL TABLE
  LABEL                             VALUE 

ABDEN                             00000000
ABDOVF                            00000007
ACKDT                             00000005
ACKEN                             00000004
ACKSTAT                           00000006
ADCON0                            0000001F
ADCON1                            0000009F
ADCS0                             00000006
ADCS1                             00000007
ADC_H                             00000023
ADC_L                             00000022
ADDEN                             00000003
ADFM                              00000007
ADIE                              00000006
ADIF                              00000006
ADON                              00000000
ADRESH                            0000001E
ADRESL                            0000009E
ANS0                              00000000
ANS1                              00000001
ANS10                             00000002
ANS11                             00000003
ANS12                             00000004
ANS13                             00000005
ANS2                              00000002
ANS3                              00000003
ANS4                              00000004
ANS5                              00000005
ANS6                              00000006
ANS7                              00000007
ANS8                              00000000
ANS9                              00000001
ANSEL                             00000188
ANSELH                            00000189
BAUDCTL                           00000187
BCLIE                             00000003
BCLIF                             00000003
BF                                00000000
BRG0                              00000000
BRG1                              00000001
BRG10                             00000002
BRG11                             00000003
BRG12                             00000004
BRG13                             00000005
BRG14                             00000006
BRG15                             00000007
BRG16                             00000003
BRG2                              00000002
BRG3                              00000003
BRG4                              00000004
BRG5                              00000005
BRG6                              00000006
BRG7                              00000007
MPASM 5.87                    INTEGRADOR.ASM   11-6-2025  19:17:18         PAGE  6


SYMBOL TABLE
  LABEL                             VALUE 

BRG8                              00000000
BRG9                              00000001
BRGH                              00000002
BUCLE                             00000051
C                                 00000000
C1CH0                             00000000
C1CH1                             00000001
C1IE                              00000005
C1IF                              00000005
C1OE                              00000005
C1ON                              00000007
C1OUT                             00000006
C1POL                             00000004
C1R                               00000002
C1RSEL                            00000005
C1SEN                             00000005
C2CH0                             00000000
C2CH1                             00000001
C2IE                              00000006
C2IF                              00000006
C2OE                              00000005
C2ON                              00000007
C2OUT                             00000006
C2POL                             00000004
C2R                               00000002
C2REN                             00000004
C2RSEL                            00000004
C2SYNC                            00000000
CARGA                             00000055
CARGA2                            0000005B
CCP1CON                           00000017
CCP1IE                            00000002
CCP1IF                            00000002
CCP1M0                            00000000
CCP1M1                            00000001
CCP1M2                            00000002
CCP1M3                            00000003
CCP1X                             00000005
CCP1Y                             00000004
CCP2CON                           0000001D
CCP2IE                            00000000
CCP2IF                            00000000
CCP2M0                            00000000
CCP2M1                            00000001
CCP2M2                            00000002
CCP2M3                            00000003
CCP2X                             00000005
CCP2Y                             00000004
CCPR1                             00000015
CCPR1H                            00000016
CCPR1L                            00000015
CCPR2                             0000001B
CCPR2H                            0000001C
MPASM 5.87                    INTEGRADOR.ASM   11-6-2025  19:17:18         PAGE  7


SYMBOL TABLE
  LABEL                             VALUE 

CCPR2L                            0000001B
CHS0                              00000002
CHS1                              00000003
CHS2                              00000004
CHS3                              00000005
CKE                               00000006
CKP                               00000004
CM1CON0                           00000107
CM2CON0                           00000108
CM2CON1                           00000109
CREN                              00000004
CSRC                              00000007
D                                 00000005
DATA_ADDRESS                      00000005
DC                                00000001
DC1B0                             00000004
DC1B1                             00000005
DC2B0                             00000004
DC2B1                             00000005
DELAY                             0000004F
D_A                               00000005
D_NOT_A                           00000005
ECCPAS                            0000009C
ECCPAS0                           00000004
ECCPAS1                           00000005
ECCPAS2                           00000006
ECCPASE                           00000007
EEADR                             0000010D
EEADRH                            0000010F
EECON1                            0000018C
EECON2                            0000018D
EEDAT                             0000010C
EEDATA                            0000010C
EEDATH                            0000010E
EEIE                              00000004
EEIF                              00000004
EEPGD                             00000007
F                                 00000001
FERR                              00000002
FIN_ISR                           0000004A
FLAG                              00000021
FSR                               00000004
FVREN                             00000000
GCEN                              00000007
GIE                               00000007
GO                                00000001
GO_DONE                           00000001
GO_NOT_DONE                       00000001
HTS                               00000002
I2C_DATA                          00000005
I2C_READ                          00000002
I2C_START                         00000003
I2C_STOP                          00000004
MPASM 5.87                    INTEGRADOR.ASM   11-6-2025  19:17:18         PAGE  8


SYMBOL TABLE
  LABEL                             VALUE 

INDF                              00000000
INICIO                            00000005
INTCON                            0000000B
INTE                              00000004
INTEDG                            00000006
INTF                              00000001
IOCB                              00000096
IOCB0                             00000000
IOCB1                             00000001
IOCB2                             00000002
IOCB3                             00000003
IOCB4                             00000004
IOCB5                             00000005
IOCB6                             00000006
IOCB7                             00000007
IRCF0                             00000004
IRCF1                             00000005
IRCF2                             00000006
IRP                               00000007
ISR                               0000003D
ISR_RX                            00000043
LOOP                              00000026
LOOP2                             00000057
LOOP3                             0000005D
LTS                               00000001
MC1OUT                            00000007
MC2OUT                            00000006
MSK                               00000093
MSK0                              00000000
MSK1                              00000001
MSK2                              00000002
MSK3                              00000003
MSK4                              00000004
MSK5                              00000005
MSK6                              00000006
MSK7                              00000007
NOT_A                             00000005
NOT_ADDRESS                       00000005
NOT_BO                            00000000
NOT_BOR                           00000000
NOT_DONE                          00000001
NOT_PD                            00000003
NOT_POR                           00000001
NOT_RBPU                          00000007
NOT_RC8                           00000006
NOT_T1SYNC                        00000002
NOT_TO                            00000004
NOT_TX8                           00000006
NOT_W                             00000002
NOT_WRITE                         00000002
OERR                              00000001
OPTION_REG                        00000081
OSCCON                            0000008F
MPASM 5.87                    INTEGRADOR.ASM   11-6-2025  19:17:18         PAGE  9


SYMBOL TABLE
  LABEL                             VALUE 

OSCTUNE                           00000090
OSFIE                             00000007
OSFIF                             00000007
OSTS                              00000003
P                                 00000004
P1M0                              00000006
P1M1                              00000007
PCL                               00000002
PCLATH                            0000000A
PCON                              0000008E
PDC0                              00000000
PDC1                              00000001
PDC2                              00000002
PDC3                              00000003
PDC4                              00000004
PDC5                              00000005
PDC6                              00000006
PEIE                              00000006
PEN                               00000002
PIE1                              0000008C
PIE2                              0000008D
PIR1                              0000000C
PIR2                              0000000D
PORTA                             00000005
PORTB                             00000006
PORTC                             00000007
PORTD                             00000008
PORTE                             00000009
PR2                               00000092
PRSEN                             00000007
PS0                               00000000
PS1                               00000001
PS2                               00000002
PSA                               00000003
PSSAC0                            00000002
PSSAC1                            00000003
PSSBD0                            00000000
PSSBD1                            00000001
PSTRCON                           0000009D
PULSR                             00000002
PULSS                             00000003
PWM1CON                           0000009B
R                                 00000002
RA0                               00000000
RA1                               00000001
RA2                               00000002
RA3                               00000003
RA4                               00000004
RA5                               00000005
RA6                               00000006
RA7                               00000007
RB0                               00000000
RB1                               00000001
MPASM 5.87                    INTEGRADOR.ASM   11-6-2025  19:17:18         PAGE 10


SYMBOL TABLE
  LABEL                             VALUE 

RB2                               00000002
RB3                               00000003
RB4                               00000004
RB5                               00000005
RB6                               00000006
RB7                               00000007
RBIE                              00000003
RBIF                              00000000
RC0                               00000000
RC1                               00000001
RC2                               00000002
RC3                               00000003
RC4                               00000004
RC5                               00000005
RC6                               00000006
RC7                               00000007
RC8_9                             00000006
RC9                               00000006
RCD8                              00000000
RCEN                              00000003
RCIDL                             00000006
RCIE                              00000005
RCIF                              00000005
RCREG                             0000001A
RCSTA                             00000018
RD                                00000000
RD0                               00000000
RD1                               00000001
RD2                               00000002
RD3                               00000003
RD4                               00000004
RD5                               00000005
RD6                               00000006
RD7                               00000007
RE0                               00000000
RE1                               00000001
RE2                               00000002
RE3                               00000003
READ_WRITE                        00000002
RP0                               00000005
RP1                               00000006
RPM                               00000020
RSEN                              00000001
RX9                               00000006
RX9D                              00000000
R_NOT_W                           00000002
R_W                               00000002
S                                 00000003
SBOREN                            00000004
SCKP                              00000004
SCS                               00000000
SEN                               00000000
SENDB                             00000003
MPASM 5.87                    INTEGRADOR.ASM   11-6-2025  19:17:18         PAGE 11


SYMBOL TABLE
  LABEL                             VALUE 

SMP                               00000007
SPBRG                             00000099
SPBRGH                            0000009A
SPEN                              00000007
SR0                               00000006
SR1                               00000007
SRCON                             00000185
SREN                              00000005
SSPADD                            00000093
SSPBUF                            00000013
SSPCON                            00000014
SSPCON2                           00000091
SSPEN                             00000005
SSPIE                             00000003
SSPIF                             00000003
SSPM0                             00000000
SSPM1                             00000001
SSPM2                             00000002
SSPM3                             00000003
SSPMSK                            00000093
SSPOV                             00000006
SSPSTAT                           00000094
STATUS                            00000003
STATUS_TEMP                       00000071
STRA                              00000000
STRB                              00000001
STRC                              00000002
STRD                              00000003
STRSYNC                           00000004
SWDTEN                            00000000
SYNC                              00000004
T0CS                              00000005
T0IE                              00000005
T0IF                              00000002
T0SE                              00000004
T1CKPS0                           00000004
T1CKPS1                           00000005
T1CON                             00000010
T1GINV                            00000007
T1GIV                             00000007
T1GSS                             00000001
T1INSYNC                          00000002
T1OSCEN                           00000003
T1SYNC                            00000002
T2CKPS0                           00000000
T2CKPS1                           00000001
T2CON                             00000012
TMR0                              00000001
TMR0IE                            00000005
TMR0IF                            00000002
TMR1                              0000000E
TMR1CS                            00000001
TMR1GE                            00000006
MPASM 5.87                    INTEGRADOR.ASM   11-6-2025  19:17:18         PAGE 12


SYMBOL TABLE
  LABEL                             VALUE 

TMR1H                             0000000F
TMR1IE                            00000000
TMR1IF                            00000000
TMR1L                             0000000E
TMR1ON                            00000000
TMR2                              00000011
TMR2IE                            00000001
TMR2IF                            00000001
TMR2ON                            00000002
TOUTPS0                           00000003
TOUTPS1                           00000004
TOUTPS2                           00000005
TOUTPS3                           00000006
TRISA                             00000085
TRISA0                            00000000
TRISA1                            00000001
TRISA2                            00000002
TRISA3                            00000003
TRISA4                            00000004
TRISA5                            00000005
TRISA6                            00000006
TRISA7                            00000007
TRISB                             00000086
TRISB0                            00000000
TRISB1                            00000001
TRISB2                            00000002
TRISB3                            00000003
TRISB4                            00000004
TRISB5                            00000005
TRISB6                            00000006
TRISB7                            00000007
TRISC                             00000087
TRISC0                            00000000
TRISC1                            00000001
TRISC2                            00000002
TRISC3                            00000003
TRISC4                            00000004
TRISC5                            00000005
TRISC6                            00000006
TRISC7                            00000007
TRISD                             00000088
TRISD0                            00000000
TRISD1                            00000001
TRISD2                            00000002
TRISD3                            00000003
TRISD4                            00000004
TRISD5                            00000005
TRISD6                            00000006
TRISD7                            00000007
TRISE                             00000089
TRISE0                            00000000
TRISE1                            00000001
TRISE2                            00000002
MPASM 5.87                    INTEGRADOR.ASM   11-6-2025  19:17:18         PAGE 13


SYMBOL TABLE
  LABEL                             VALUE 

TRISE3                            00000003
TRMT                              00000001
TUN0                              00000000
TUN1                              00000001
TUN2                              00000002
TUN3                              00000003
TUN4                              00000004
TX8_9                             00000006
TX9                               00000006
TX9D                              00000000
TXD8                              00000000
TXEN                              00000005
TXIE                              00000004
TXIF                              00000004
TXREG                             00000019
TXSTA                             00000098
UA                                00000001
ULPWUE                            00000005
ULPWUIE                           00000002
ULPWUIF                           00000002
VCFG0                             00000004
VCFG1                             00000005
VR0                               00000000
VR1                               00000001
VR2                               00000002
VR3                               00000003
VRCON                             00000097
VREN                              00000007
VROE                              00000006
VRR                               00000005
VRSS                              00000004
W                                 00000000
WCOL                              00000007
WDTCON                            00000105
WDTPS0                            00000001
WDTPS1                            00000002
WDTPS2                            00000003
WDTPS3                            00000004
WPUB                              00000095
WPUB0                             00000000
WPUB1                             00000001
WPUB2                             00000002
WPUB3                             00000003
WPUB4                             00000004
WPUB5                             00000005
WPUB6                             00000006
WPUB7                             00000007
WR                                00000001
WREN                              00000002
WRERR                             00000003
WUE                               00000001
W_TEMP                            00000070
Z                                 00000002
MPASM 5.87                    INTEGRADOR.ASM   11-6-2025  19:17:18         PAGE 14


SYMBOL TABLE
  LABEL                             VALUE 

_BOR21V                           00003EFF
_BOR40V                           00003FFF
_BOR4V_BOR21V                     00003EFF
_BOR4V_BOR40V                     00003FFF
_BOREN_NSLEEP                     00003EFF
_BOREN_OFF                        00003CFF
_BOREN_ON                         00003FFF
_BOREN_SBODEN                     00003DFF
_BOR_NSLEEP                       00003EFF
_BOR_OFF                          00003CFF
_BOR_ON                           00003FFF
_BOR_SBODEN                       00003DFF
_CONFIG1                          00002007
_CONFIG2                          00002008
_CPD_OFF                          00003FFF
_CPD_ON                           00003F7F
_CP_OFF                           00003FFF
_CP_ON                            00003FBF
_DEBUG_OFF                        00003FFF
_DEBUG_ON                         00001FFF
_DEVID1                           00002006
_EC_OSC                           00003FFB
_EXTRC                            00003FFF
_EXTRCIO                          00003FFE
_EXTRC_OSC_CLKOUT                 00003FFF
_EXTRC_OSC_NOCLKOUT               00003FFE
_FCMEN_OFF                        000037FF
_FCMEN_ON                         00003FFF
_FOSC_EC                          00003FFB
_FOSC_EXTRC_CLKOUT                00003FFF
_FOSC_EXTRC_NOCLKOUT              00003FFE
_FOSC_HS                          00003FFA
_FOSC_INTRC_CLKOUT                00003FFD
_FOSC_INTRC_NOCLKOUT              00003FFC
_FOSC_LP                          00003FF8
_FOSC_XT                          00003FF9
_HS_OSC                           00003FFA
_IDLOC0                           00002000
_IDLOC1                           00002001
_IDLOC2                           00002002
_IDLOC3                           00002003
_IESO_OFF                         00003BFF
_IESO_ON                          00003FFF
_INTOSC                           00003FFD
_INTOSCIO                         00003FFC
_INTRC_OSC_CLKOUT                 00003FFD
_INTRC_OSC_NOCLKOUT               00003FFC
_LP_OSC                           00003FF8
_LVP_OFF                          00002FFF
_LVP_ON                           00003FFF
_MCLRE_OFF                        00003FDF
_MCLRE_ON                         00003FFF
_PWRTE_OFF                        00003FFF
MPASM 5.87                    INTEGRADOR.ASM   11-6-2025  19:17:18         PAGE 15


SYMBOL TABLE
  LABEL                             VALUE 

_PWRTE_ON                         00003FEF
_WDTE_OFF                         00003FF7
_WDTE_ON                          00003FFF
_WDT_OFF                          00003FF7
_WDT_ON                           00003FFF
_WRT_1FOURTH                      00003BFF
_WRT_256                          00003DFF
_WRT_HALF                         000039FF
_WRT_OFF                          00003FFF
_XT_OSC                           00003FF9
__16F887                          00000001
contValor                         00000005
contValor2                        000000FA
contValor3                        000000FA
contador                          00000026
contador2                         00000027
contador3                         00000028

Errors   :     0
Warnings :     0 reported,     0 suppressed
Messages :     6 reported,     0 suppressed

